C51 COMPILER V7.08   MAIN_UART                                                             08/30/2019 12:20:13 PAGE 1   


C51 COMPILER V7.08, COMPILATION OF MODULE MAIN_UART
OBJECT MODULE PLACED IN main_uart.OBJ
COMPILER INVOKED BY: C:\Keil\C51\BIN\C51.EXE main_uart.c BROWSE DEBUG OBJECTEXTEND

line level    source

   1          #include<reg51.h>
   2          #include"uart.h"
   3          main()
   4          {
   5   1      char ch;
   6   1      uart_init();
   7   1      while(1)
   8   1      {
   9   2      ch=uart_rxchar();
  10   2      uart_txchar(ch);
  11   2      }
  12   1      }
  13          
  14          


MODULE INFORMATION:   STATIC OVERLAYABLE
   CODE SIZE        =     13    ----
   CONSTANT SIZE    =   ----    ----
   XDATA SIZE       =   ----    ----
   PDATA SIZE       =   ----    ----
   DATA SIZE        =   ----       1
   IDATA SIZE       =   ----    ----
   BIT SIZE         =   ----    ----
END OF MODULE INFORMATION.


C51 COMPILATION COMPLETE.  0 WARNING(S),  0 ERROR(S)
