C51 COMPILER V7.08   UART_TX_CHAR                                                          08/31/2019 15:36:53 PAGE 1   


C51 COMPILER V7.08, COMPILATION OF MODULE UART_TX_CHAR
OBJECT MODULE PLACED IN uart_tx_char.OBJ
COMPILER INVOKED BY: C:\Keil\C51\BIN\C51.EXE uart_tx_char.c BROWSE DEBUG OBJECTEXTEND

line level    source

   1          #include<reg51.h>
   2          void uart_init();
   3          void uart_txchar(char);
   4          void uart_txstring(char *);
   5          main()
   6          {
   7   1      uart_init();
   8   1      //uart_txchar('A');
   9   1      while(1)
  10   1      {
  11   2      uart_txstring("laxmi");
  12   2      //while(1);
  13   2      }
  14   1      }
  15          
  16          void uart_init()
  17          {
  18   1      SCON=0x40;
  19   1      TMOD=0x20;
  20   1      TH1=253;
  21   1      TR1=1;
  22   1      }
  23          void uart_txchar(char ch)
  24          {
  25   1      SBUF=ch;
  26   1      while(TI==0);
  27   1      TI=0;
  28   1      }
  29          void uart_txstring(char *p)
  30          {
  31   1      while(*p)
  32   1      uart_txchar(*p++);
  33   1      }
  34          
  35          /*char uart_rxchar()                                                                                      
             -                                                     uart_rxchar()
  36          {
  37          while(RI==0);//waiting for rxn to complete
  38          RI=0;
  39          return(SBUF);
  40          }*/
  41          
  42          /*void uart_rxstr()
  43          {
  44          unsigned char a[15],i=0,ch;
  45          while(1)
  46          {
  47          ch=uart_rxchar();
  48          if(ch==0x0d)
  49          {
  50          a[i]='\0';
  51          LCD_cmd(0x01);
  52          break;
  53          }
  54          else
C51 COMPILER V7.08   UART_TX_CHAR                                                          08/31/2019 15:36:53 PAGE 2   

  55          a[i++]=ch;
  56          }
  57          LCD_cmd(0x80);
  58          LCD_str(a);
  59          }
  60          
  61          main()
  62          {
  63          uart_init();
  64          LCD_init();
  65          while(1)
  66          {
  67          uart_str("laxmi narasimha");
  68          uart_rxstr();
  69          }
  70          }*/


MODULE INFORMATION:   STATIC OVERLAYABLE
   CODE SIZE        =     71    ----
   CONSTANT SIZE    =      6    ----
   XDATA SIZE       =   ----    ----
   PDATA SIZE       =   ----    ----
   DATA SIZE        =   ----       3
   IDATA SIZE       =   ----    ----
   BIT SIZE         =   ----    ----
END OF MODULE INFORMATION.


C51 COMPILATION COMPLETE.  0 WARNING(S),  0 ERROR(S)
